C20 exact feasibility (restricted if mode=tight)
mode=tight
model_sha256=a1bef8e53d00d52ca854842fc3186fe13d8ba2d51bca9c0bd2cdaf5dfa515630
allowed_rows=277; first_row_reps=14
time_limit_seconds=15.0; num_search_workers=1; random_seed=0
satisfaction model '': (model_fingerprint: 0x9e004aaf52501927)
#Variables: 2'483 (2'470 primary variables)
  - 2'470 Booleans in [0,1]
  - 13 in [0,1048575]
#kBoolOr: 260 (#literals: 520)
#kLinear2: 4'432
#kLinear3: 2'210
#kLinearN: 1'272 (#terms: 29'892)
#kTable: 13
Starting CP-SAT solver v9.15.6755Parameters: random_seed: 0 max_time_in_seconds: 15 log_search_progress: true num_search_workers: 8 log_to_stdout: falseInitial satisfaction model '': (model_fingerprint: 0x9e004aaf52501927)
#Variables: 2'483 (2'470 primary variables)
  - 2'470 Booleans in [0,1]
  - 13 in [0,1048575]
#kBoolOr: 260 (#literals: 520)
#kLinear2: 4'432
#kLinear3: 2'210
#kLinearN: 1'272 (#terms: 29'892)
#kTable: 13Starting presolve at 0.01s  1.99e-03s  0.00e+00d  [DetectDominanceRelations]   6.70e-02s  0.00e+00d  [operations_research::sat::CpModelPresolver::PresolveToFixPoint] #num_loops=12 #num_dual_strengthening=1   8.83e-05s  0.00e+00d  [operations_research::sat::CpModelPresolver::ExtractEncodingFromLinear] #potential_subsets=12   6.45e-03s  0.00e+00d  [operations_research::sat::CpModelPresolver::DetectDuplicateColumns]   1.22e-03s  0.00e+00d  [operations_research::sat::CpModelPresolver::DetectDuplicateConstraints] #duplicates=22 [Symmetry] Graph for symmetry has 19'171 nodes and 124'498 arcs.[Symmetry] Symmetry computation done. time: 0.0081714 dtime: 0.0203487[SAT presolve] num removable Booleans: 0 / 5'753[SAT presolve] num trivial clauses: 0[SAT presolve] [0s] clauses:6'710 literals:15'581 vars:2'416 one_side_vars:0 simple_definition:2'149 singleton_clauses:0[SAT presolve] [0.0005732s] clauses:6'710 literals:15'581 vars:2'416 one_side_vars:0 simple_definition:2'149 singleton_clauses:0[SAT presolve] [0.0008759s] clauses:6'710 literals:15'581 vars:2'416 one_side_vars:0 simple_definition:2'149 singleton_clauses:0  6.32e-04s  0.00e+00d  [operations_research::sat::CpModelPresolver::DetectDuplicateConstraintsWithDifferentEnforcements]   2.93e-01s  5.09e-01d  [operations_research::sat::CpModelPresolver::Probe] #probed=7'672 #fixed_bools=2'290 #new_bounds=12 #equiv=193 #new_binary_clauses=47'651   1.95e-02s  9.80e-02d  [MaxClique] Merged 4'576 constraints with 9'152 literals into 3'099 constraints with 7'640 literals  2.49e-03s  0.00e+00d  [DetectDominanceRelations]   2.44e-02s  0.00e+00d  [operations_research::sat::CpModelPresolver::PresolveToFixPoint] #num_loops=8 #num_dual_strengthening=1   7.85e-03s  0.00e+00d  [operations_research::sat::CpModelPresolver::ProcessAtMostOneAndLinear] #num_changes=85   7.70e-04s  0.00e+00d  [operations_research::sat::CpModelPresolver::DetectDuplicateConstraints] #duplicates=53   4.73e-04s  0.00e+00d  [operations_research::sat::CpModelPresolver::DetectDuplicateConstraintsWithDifferentEnforcements]   3.65e-03s  1.52e-04d  [operations_research::sat::CpModelPresolver::DetectDominatedLinearConstraints] #relevant_constraints=1'133 #num_inclusions=1'054 #num_redundant=15   1.09e-03s  0.00e+00d  [operations_research::sat::CpModelPresolver::DetectDifferentVariables] #different=5   3.72e-03s  3.77e-04d  [operations_research::sat::CpModelPresolver::ProcessSetPPC] #relevant_constraints=4'956 #num_inclusions=5'718   1.72e-03s  1.15e-04d  [operations_research::sat::CpModelPresolver::TransformClausesToExactlyOne] #num_amos=2'005 #num_clauses=1'543 #num_checked=1'543   2.87e-04s  0.00e+00d  [operations_research::sat::CpModelPresolver::DetectEncodedComplexDomains]   5.40e-04s  0.00e+00d  [operations_research::sat::CpModelPresolver::FindAlmostIdenticalLinearConstraints]   1.42e-02s  8.38e-03d  [operations_research::sat::CpModelPresolver::FindBigAtMostOneAndLinearOverlap]   4.39e-03s  2.69e-03d  [operations_research::sat::CpModelPresolver::FindBigVerticalLinearOverlap] #blocks=2 #saved_nz=65   6.17e-04s  1.02e-04d  [operations_research::sat::CpModelPresolver::FindBigHorizontalLinearOverlap] #linears=1'108   9.96e-04s  2.32e-05d  [operations_research::sat::CpModelPresolver::MergeClauses] #num_collisions=9 #num_merges=9 #num_saved_literals=18   4.07e-03s  0.00e+00d  [DetectDominanceRelations]   1.97e-02s  0.00e+00d  [operations_research::sat::CpModelPresolver::PresolveToFixPoint] #num_loops=5 #num_dual_strengthening=1   3.06e-03s  0.00e+00d  [DetectDominanceRelations]   1.76e-02s  0.00e+00d  [operations_research::sat::CpModelPresolver::PresolveToFixPoint] #num_loops=1 #num_dual_strengthening=1   3.72e-03s  0.00e+00d  [operations_research::sat::CpModelPresolver::DetectDuplicateColumns]   1.16e-03s  0.00e+00d  [operations_research::sat::CpModelPresolver::DetectDuplicateConstraints] #duplicates=47 [Symmetry] Graph for symmetry has 16'169 nodes and 62'673 arcs.[Symmetry] Symmetry computation done. time: 0.0034177 dtime: 0.00626597[SAT presolve] num removable Booleans: 0 / 3'199[SAT presolve] num trivial clauses: 0[SAT presolve] [0s] clauses:1'908 literals:5'376 vars:1'704 one_side_vars:1401 simple_definition:216 singleton_clauses:0[SAT presolve] [0.0002026s] clauses:1'908 literals:5'355 vars:1'704 one_side_vars:1401 simple_definition:216 singleton_clauses:0[SAT presolve] [0.0003714s] clauses:1'908 literals:5'355 vars:1'704 one_side_vars:1401 simple_definition:216 singleton_clauses:0  7.94e-04s  0.00e+00d  [operations_research::sat::CpModelPresolver::DetectDuplicateConstraintsWithDifferentEnforcements]   2.07e-01s  2.74e-01d  [operations_research::sat::CpModelPresolver::Probe] #probed=6'906 #fixed_bools=12 #new_bounds=12 #equiv=34 #new_binary_clauses=43'828   1.74e-02s  9.04e-02d  [MaxClique] Merged 1'823 constraints with 5'080 literals into 1'788 constraints with 5'010 literals  2.61e-03s  0.00e+00d  [DetectDominanceRelations]   1.47e-02s  0.00e+00d  [operations_research::sat::CpModelPresolver::PresolveToFixPoint] #num_loops=2 #num_dual_strengthening=1   7.45e-03s  0.00e+00d  [operations_research::sat::CpModelPresolver::ProcessAtMostOneAndLinear] #num_changes=2   9.65e-04s  0.00e+00d  [operations_research::sat::CpModelPresolver::DetectDuplicateConstraints] #duplicates=3   5.50e-04s  0.00e+00d  [operations_research::sat::CpModelPresolver::DetectDuplicateConstraintsWithDifferentEnforcements]   3.97e-03s  1.45e-04d  [operations_research::sat::CpModelPresolver::DetectDominatedLinearConstraints] #relevant_constraints=1'113 #num_inclusions=1'015 #num_redundant=1   1.39e-03s  0.00e+00d  [operations_research::sat::CpModelPresolver::DetectDifferentVariables] #different=5   3.85e-03s  3.39e-04d  [operations_research::sat::CpModelPresolver::ProcessSetPPC] #relevant_constraints=4'762 #num_inclusions=4'929   1.58e-03s  1.11e-04d  [operations_research::sat::CpModelPresolver::TransformClausesToExactlyOne] #num_amos=1'738 #num_clauses=1'512 #num_checked=1'512   4.56e-04s  0.00e+00d  [operations_research::sat::CpModelPresolver::DetectEncodedComplexDomains]   2.73e-04s  0.00e+00d  [operations_research::sat::CpModelPresolver::FindAlmostIdenticalLinearConstraints]   1.37e-02s  7.94e-03d  [operations_research::sat::CpModelPresolver::FindBigAtMostOneAndLinearOverlap]   3.83e-03s  2.49e-03d  [operations_research::sat::CpModelPresolver::FindBigVerticalLinearOverlap]   5.87e-04s  9.78e-05d  [operations_research::sat::CpModelPresolver::FindBigHorizontalLinearOverlap] #linears=1'101   9.55e-04s  2.28e-05d  [operations_research::sat::CpModelPresolver::MergeClauses] #num_collisions=13 #num_merges=13 #num_saved_literals=26   3.33e-03s  0.00e+00d  [DetectDominanceRelations]   1.36e-02s  0.00e+00d  [operations_research::sat::CpModelPresolver::PresolveToFixPoint] #num_loops=2 #num_dual_strengthening=1   3.70e-03s  0.00e+00d  [DetectDominanceRelations]   1.60e-02s  0.00e+00d  [operations_research::sat::CpModelPresolver::PresolveToFixPoint] #num_loops=1 #num_dual_strengthening=1   3.91e-03s  0.00e+00d  [operations_research::sat::CpModelPresolver::DetectDuplicateColumns]   1.03e-03s  0.00e+00d  [operations_research::sat::CpModelPresolver::DetectDuplicateConstraints] [Symmetry] Graph for symmetry has 16'044 nodes and 61'743 arcs.[Symmetry] Symmetry computation done. time: 0.0044418 dtime: 0.0061557[SAT presolve] num removable Booleans: 0 / 3'153[SAT presolve] num trivial clauses: 0[SAT presolve] [0s] clauses:1'821 literals:5'174 vars:1'665 one_side_vars:1400 simple_definition:192 singleton_clauses:0[SAT presolve] [0.0001494s] clauses:1'821 literals:5'174 vars:1'665 one_side_vars:1400 simple_definition:192 singleton_clauses:0[SAT presolve] [0.0003242s] clauses:1'821 literals:5'174 vars:1'665 one_side_vars:1400 simple_definition:192 singleton_clauses:0  9.63e-04s  0.00e+00d  [operations_research::sat::CpModelPresolver::DetectDuplicateConstraintsWithDifferentEnforcements]   2.05e-01s  2.66e-01d  [operations_research::sat::CpModelPresolver::Probe] #probed=6'893 #fixed_bools=1 #new_binary_clauses=43'662   3.29e-02s  8.96e-02d  [MaxClique]   4.60e-03s  0.00e+00d  [DetectDominanceRelations]   2.04e-02s  0.00e+00d  [operations_research::sat::CpModelPresolver::PresolveToFixPoint] #num_loops=1 #num_dual_strengthening=1   1.22e-02s  0.00e+00d  [operations_research::sat::CpModelPresolver::ProcessAtMostOneAndLinear]   1.22e-03s  0.00e+00d  [operations_research::sat::CpModelPresolver::DetectDuplicateConstraints]   9.21e-04s  0.00e+00d  [operations_research::sat::CpModelPresolver::DetectDuplicateConstraintsWithDifferentEnforcements]   5.17e-03s  1.45e-04d  [operations_research::sat::CpModelPresolver::DetectDominatedLinearConstraints] #relevant_constraints=1'112 #num_inclusions=1'014   1.33e-03s  0.00e+00d  [operations_research::sat::CpModelPresolver::DetectDifferentVariables] #different=5   6.04e-03s  3.38e-04d  [operations_research::sat::CpModelPresolver::ProcessSetPPC] #relevant_constraints=4'755 #num_inclusions=4'921   2.51e-03s  1.11e-04d  [operations_research::sat::CpModelPresolver::TransformClausesToExactlyOne] #num_amos=1'738 #num_clauses=1'512 #num_checked=1'512   6.73e-04s  0.00e+00d  [operations_research::sat::CpModelPresolver::DetectEncodedComplexDomains]   3.45e-04s  0.00e+00d  [operations_research::sat::CpModelPresolver::FindAlmostIdenticalLinearConstraints]   1.55e-02s  7.97e-03d  [operations_research::sat::CpModelPresolver::FindBigAtMostOneAndLinearOverlap]   4.14e-03s  2.49e-03d  [operations_research::sat::CpModelPresolver::FindBigVerticalLinearOverlap]   9.32e-04s  9.78e-05d  [operations_research::sat::CpModelPresolver::FindBigHorizontalLinearOverlap] #linears=1'101   1.41e-03s  2.28e-05d  [operations_research::sat::CpModelPresolver::MergeClauses] #num_collisions=13 #num_merges=13 #num_saved_literals=26   3.14e-03s  0.00e+00d  [DetectDominanceRelations]   1.64e-02s  0.00e+00d  [operations_research::sat::CpModelPresolver::PresolveToFixPoint] #num_loops=1 #num_dual_strengthening=1   1.85e-04s  0.00e+00d  [MergeNoOverlap]   3.17e-04s  0.00e+00d  [MergeNoOverlap2D] Presolve summary:  - 305 affine relations were detected.  - rule 'TODO dual: only one blocking constraint?' was applied 9 times.  - rule 'affine: fixed' was applied 2 times.  - rule 'affine: new relation' was applied 305 times.  - rule 'at_most_one: empty or all false' was applied 17 times.  - rule 'at_most_one: removed literals' was applied 581 times.  - rule 'at_most_one: satisfied' was applied 462 times.  - rule 'at_most_one: size one' was applied 558 times.  - rule 'at_most_one: transformed into max clique' was applied 2 times.  - rule 'bool_and: fixed literals' was applied 52 times.  - rule 'bool_and: non-reified' was applied 2 times.  - rule 'bool_and: removed duplicate literal' was applied 10 times.  - rule 'bool_and: x => x' was applied 161 times.  - rule 'bool_or: always true' was applied 648 times.  - rule 'bool_or: fixed literals' was applied 1 time.  - rule 'bool_or: implications' was applied 4'678 times.  - rule 'bool_or: only one literal' was applied 49 times.  - rule 'deductions: 49 stored' was applied 1 time.  - rule 'duplicate: removed constraint' was applied 125 times.  - rule 'enforcement: can never be true' was applied 2 times.  - rule 'enforcement: false literal' was applied 27 times.  - rule 'enforcement: true literal' was applied 52 times.  - rule 'exactly_one: removed literals' was applied 639 times.  - rule 'exactly_one: satisfied' was applied 34 times.  - rule 'exactly_one: size two' was applied 2 times.  - rule 'linear + amo: added implications' was applied 25 times.  - rule 'linear + amo: advanced infeasible linear constraint' was applied 4 times.  - rule 'linear + amo: extracted enforcement literal' was applied 27 times.  - rule 'linear + amo: fixed literal implied by enforcement' was applied 76 times.  - rule 'linear + amo: infeasible enforcement' was applied 15 times.  - rule 'linear + amo: simplified enforcement list' was applied 9 times.  - rule 'linear + amo: trivial linear constraint' was applied 11 times.  - rule 'linear inclusion: redundant included constraint' was applied 16 times.  - rule 'linear matrix: common vertical rectangle' was applied 2 times.  - rule 'linear1: always true' was applied 1 time.  - rule 'linear2: convert ax + by != cte to clauses' was applied 4'420 times.  - rule 'linear: always true' was applied 58 times.  - rule 'linear: divide by GCD' was applied 212 times.  - rule 'linear: doubleton free' was applied 1 time.  - rule 'linear: enforcement literal in expression' was applied 40 times.  - rule 'linear: extracted enforcement literal' was applied 939 times.  - rule 'linear: fixed or dup variables' was applied 1'783 times.  - rule 'linear: negative clause' was applied 2'211 times.  - rule 'linear: positive clause' was applied 7 times.  - rule 'linear: reduced variable domains' was applied 110 times.  - rule 'linear: reduced variable domains in derived constraint' was applied 15 times.  - rule 'linear: remapped using affine relations' was applied 1'825 times.  - rule 'linear: remove irrelevant part' was applied 92 times.  - rule 'linear: trivially false' was applied 15 times.  - rule 'linear: variable substitution 1' was applied 1 time.  - rule 'new_bool: table expansion' was applied 3'337 times.  - rule 'presolve: 2361 unused variables removed.' was applied 1 time.  - rule 'presolve: iteration' was applied 3 times.  - rule 'probing: bool_or reduced to implication' was applied 243 times.  - rule 'probing: simplified clauses' was applied 1 time.  - rule 'setppc: bool_or in at_most_one' was applied 6 times.  - rule 'setppc: removed dominated constraints' was applied 3 times.  - rule 'table: expanded positive constraint' was applied 13 times.  - rule 'table: reduce variable domain' was applied 5 times.  - rule 'table: remove expressions' was applied 1 time.  - rule 'table: reused literals' was applied 1 time.  - rule 'variables: canonicalize affine domain' was applied 6 times.Presolved satisfaction model '': (model_fingerprint: 0x468d34f4ad025a63)
#Variables: 3'163 (3'017 primary variables)
  - 3'149 Booleans in [0,1]
  - 1 in [-7,2]
  - 1 in [2,11]
  - 1 in [2,16381][32768,49149][49152,54610]
  - 1 in [2,16382][32769,49150][49153,54610]
  - 1 in [5,2045][4096,6141][6144,6825]
  - 1 in [2048,3069][4096,5117][5120,5459]
  - 1 in [9217,9567][10241,10750][10773,10906]
  - 1 in [32769,49150][65537,81918][81921,87377]
  - 1 in [147482,196605][262145,327678][327681,349523]
  - 1 in [147483,196605][262145,327678][327681,349524]
  - 1 in [147484,196605][262145,327678][327681,349525]
  - 1 in [294912,311295][327680,360447][589824,611667]
  - 1 in [294913,311295][327680,360447][589824,611668]
  - 1 in [294914,393215][524288,699041]
#kAtMostOne: 1'429 (#literals: 4'287)
#kBoolAnd: 273 (#enforced: 273) (#literals: 582)
#kBoolAndClauses: 13 (#enforced: 13 #multi: 13) (#literals: 52)
#kBoolOr: 1'486 (#literals: 4'478)
#kExactlyOne: 404 (#literals: 26'150)
#kLinear2: 11
#kLinearN: 1'101 (#enforced: 411 #multi: 366) (#terms: 19'555)[Symmetry] Graph for symmetry has 13'379 nodes and 61'723 arcs.[Symmetry] Symmetry computation done. time: 0.0035749 dtime: 0.0060154Preloading model.#Model   1.29s var:3163/3163 constraints:4717/4717Starting search at 1.29s with 8 workers.6 full problem subsolvers: [default_lp, max_lp, no_lp, probing, quick_restart, quick_restart_no_lp]2 first solution subsolvers: [fj, fs_random_no_lp]2 interleaved subsolvers: [feasibility_pump, rins/rens]2 helper subsolvers: [neighborhood_helper, synchronization_agent]#Model   2.22s var:3101/3163 constraints:4692/4717#Model   2.34s var:2324/3163 constraints:4286/4717#Model   2.46s var:2205/3163 constraints:4234/4717#Model   2.59s var:2189/3163 constraints:4233/4717#Model   2.72s var:2032/3163 constraints:4137/4717#Model   2.78s var:1999/3163 constraints:4119/4717#1       2.88s no_lpTask timing                      n [     min,      max]      avg      dev     time         n [     min,      max]      avg      dev    dtime
           'default_lp':         1 [   1.59s,    1.59s]    1.59s   0.00ns    1.59s         2 [384.80ms, 844.87ms] 614.83ms 230.04ms    1.23s
     'feasibility_pump':         3 [220.18ms, 430.78ms] 304.00ms  91.19ms 912.00ms         2 [232.72ms, 371.94ms] 302.33ms  69.61ms 604.65ms
                   'fj':         7 [ 11.57ms, 116.95ms]  93.56ms  34.15ms 654.95ms         7 [  4.82ms, 100.90ms]  87.11ms  33.59ms 609.76ms
      'fs_random_no_lp':         1 [   1.59s,    1.59s]    1.59s   0.00ns    1.59s         2 [383.94ms,    1.24s] 810.21ms 426.26ms    1.62s
               'max_lp':         1 [   1.59s,    1.59s]    1.59s   0.00ns    1.59s         2 [ 97.37ms, 946.58ms] 521.98ms 424.60ms    1.04s
                'no_lp':         1 [   1.59s,    1.59s]    1.59s   0.00ns    1.59s         2 [383.94ms,    1.16s] 771.56ms 387.61ms    1.54s
              'probing':         1 [   1.59s,    1.59s]    1.59s   0.00ns    1.59s         2 [379.51ms, 521.26ms] 450.39ms  70.87ms 900.78ms
        'quick_restart':         1 [   1.59s,    1.59s]    1.59s   0.00ns    1.59s         2 [384.79ms, 829.35ms] 607.07ms 222.28ms    1.21s
  'quick_restart_no_lp':         1 [   1.59s,    1.59s]    1.59s   0.00ns    1.59s         2 [383.94ms,    1.02s] 704.00ms 320.05ms    1.41s
            'rins/rens':         0 [  0.00ns,   0.00ns]   0.00ns   0.00ns   0.00ns         0 [  0.00ns,   0.00ns]   0.00ns   0.00ns   0.00ns
Search stats              Bools  Conflicts  Branches  Restarts  BacktrackToRoot  Backtrack  BoolPropag  IntegerPropag
           'default_lp':  3'149          3    48'799         0           11'145     16'092   2'775'774      1'147'989
      'fs_random_no_lp':  3'149      3'626    54'578        23           11'169     19'728   4'143'089      1'489'415
               'max_lp':  3'149         12    10'050         0            7'017      9'897   1'270'194      1'313'705
                'no_lp':  3'149      3'233    54'210        17           11'164     19'328   3'950'992      1'449'796
              'probing':  3'177          8     6'360         0            6'360      6'360   1'126'062        481'423
        'quick_restart':  3'149          7    48'690         0           11'145     16'096   2'780'689      1'148'294
  'quick_restart_no_lp':  3'149      2'312    58'897       217           11'372     18'603   4'129'871      1'518'797
SAT formula               Fixed  Equiv  Total  VarLeft  BinaryClauses  PermanentClauses  TemporaryClauses
           'default_lp':      0      0  3'149    3'149         63'872             1'567                 0
      'fs_random_no_lp':  1'164      0  3'149    1'985         34'646             2'047             2'588
               'max_lp':  1'164    265  3'149    1'720         19'942             1'204                 0
                'no_lp':  1'164      0  3'149    1'985         34'938             1'504             2'707
              'probing':      8      0  3'177    3'169         61'420             1'916                 0
        'quick_restart':      0      0  3'149    3'149         63'874             1'567                 0
  'quick_restart_no_lp':  1'164      0  3'149    1'985         32'470             1'814             1'404
SAT stats                 ClassicMinim  LitRemoved  LitRemovedBinary  LitLearned  LitForgotten  Subsumed
           'default_lp':             1          16                20          60             0         0
      'fs_random_no_lp':         2'911      59'869            24'958     155'501             0        99
               'max_lp':             1           1                34          12             0         0
                'no_lp':         2'502      41'445            42'190     142'527             0       136
              'probing':             0           0                 0           8             0         0
        'quick_restart':             2           5                52          23             0         3
  'quick_restart_no_lp':         1'597      17'883            16'103      64'361             0        73
Vivification              Clauses  Decisions  LitTrue  Subsumed  LitRemoved  DecisionReused  Conflicts
           'default_lp':    3'506     36'027        0       351      22'834             405          0
      'fs_random_no_lp':    3'507     36'311        0       355      22'736             376          0
               'max_lp':       20        114        0        11          72              19          0
                'no_lp':    3'507     36'311        0       355      22'736             376          0
              'probing':        0          0        0         0           0               0          0
        'quick_restart':    3'506     36'027        0       351      22'834             405          0
  'quick_restart_no_lp':    3'510     36'345        0       348      22'261             422          0
Clause deletion           at_true  l_and_not(l)  to_binary  sub_conflict  sub_extra  sub_decisions  sub_eager  sub_vivify  sub_probing  sub_inpro  blocked  eliminated  forgotten  promoted  conflicts
           'default_lp':        0             0          0             0          0              0          0         351            0          0        0           0          0         2          3
      'fs_random_no_lp':      259             0        168            95         14              0          4         355            0          0        0           0          0     6'679      3'626
               'max_lp':      229           243         22             0          0              0          0          11           55         76        0           0          0         0         12
                'no_lp':      252             0        168           125         11              4         11         355            0          0        0           0          0     6'926      3'233
              'probing':        0             0          0             0          0              0          0           0            0          0        0           0          0         0          8
        'quick_restart':        0             0          0             1          0              0          2         351            0          0        0           0          0         0          7
  'quick_restart_no_lp':      347             0        183            66         22              0          7         348            0          0        0           0          0     3'511      2'312
Lp stats            Component  Iterations  AddedCuts  OPTIMAL  DUAL_F.  DUAL_U.
     'default_lp':          1       4'958        510       41        1        0
         'max_lp':          1       2'000          0        0        1        0
        'probing':          1       9'093      4'859       49        1        7
  'quick_restart':          1       4'987        423       41        1        0
Lp dimension            Final dimension of first component
     'default_lp':   1370 rows, 1684 columns, 9226 entries
         'max_lp':  4778 rows, 3163 columns, 69186 entries
        'probing':   1575 rows, 1684 columns, 9630 entries
  'quick_restart':   1370 rows, 1684 columns, 9183 entries
Lp debug            CutPropag  CutEqPropag  Adjust  Overflow    Bad  BadScaling
     'default_lp':          0            0       0         0      0           0
         'max_lp':          0            0       0         0      0           0
        'probing':          2            0       3         0  6'534           0
  'quick_restart':          0            0       0         0      0           0
Lp pool             Constraints  Updates  Simplif  Merged  Shortened  Split  Strengthened     Cuts/Call
     'default_lp':        2'666        0        0       0          0      0             0       510/967
         'max_lp':        4'778        0        0       0          0      0           772           0/0
        'probing':        7'008      496      204       7          0      3           736  4'859/10'989
  'quick_restart':        2'579        0        0       0          0      0             0       423/605
Lp Cut            default_lp  quick_restart  probing
          CG_FF:           -              -       69
           CG_K:           -              -       45
          CG_KL:           -              -       13
           CG_R:           -              -       12
          CG_RB:           -              -       24
         CG_RBP:           -              -       72
             IB:         510            423      871
       MIR_1_FF:           -              -      283
        MIR_1_K:           -              -      268
       MIR_1_KL:           -              -      155
        MIR_1_R:           -              -       68
       MIR_1_RB:           -              -      183
      MIR_1_RBP:           -              -       55
       MIR_2_FF:           -              -      209
        MIR_2_K:           -              -      119
       MIR_2_KL:           -              -       47
        MIR_2_R:           -              -      213
       MIR_2_RB:           -              -      147
      MIR_2_RBP:           -              -       56
       MIR_3_FF:           -              -      135
        MIR_3_K:           -              -       97
       MIR_3_KL:           -              -       24
        MIR_3_R:           -              -      134
       MIR_3_RB:           -              -      197
      MIR_3_RBP:           -              -       61
       MIR_4_FF:           -              -       77
        MIR_4_K:           -              -       53
       MIR_4_KL:           -              -       17
        MIR_4_R:           -              -       75
       MIR_4_RB:           -              -      109
      MIR_4_RBP:           -              -       50
       MIR_5_FF:           -              -       43
        MIR_5_K:           -              -       30
       MIR_5_KL:           -              -       12
        MIR_5_R:           -              -       40
       MIR_5_RB:           -              -       59
      MIR_5_RBP:           -              -       26
       MIR_6_FF:           -              -       23
        MIR_6_K:           -              -       18
       MIR_6_KL:           -              -        1
        MIR_6_R:           -              -       19
       MIR_6_RB:           -              -       34
      MIR_6_RBP:           -              -       15
   ZERO_HALF_FF:           -              -      200
    ZERO_HALF_K:           -              -       32
   ZERO_HALF_KL:           -              -        6
    ZERO_HALF_R:           -              -       49
   ZERO_HALF_RB:           -              -      171
  ZERO_HALF_RBP:           -              -      143
LNS stats       Improv/Calls  Closed  Difficulty  TimeLimit
  'rins/rens':           0/0      0%    5.00e-01       0.10
LS stats                                    Batches  Restarts/Perturbs  LinMoves  GenMoves  CompoundMoves  Bactracks  WeightUpdates  ScoreComputed
                    'fj_restart_compound':        1                  1         0     9'898          3'560      3'164              3        178'284
            'fj_restart_compound_perturb':        1                  1         0    16'382          1'824      7'254              0        143'836
          'fj_restart_decay_compound_obj':        1                  1         0       630            630          0              0          5'168
  'fj_restart_decay_compound_perturb_obj':        1                  1         0    16'193          2'556      6'812              0        178'626
               'fj_restart_decay_perturb':        1                  1    34'309         0              0          0            137          9'775
           'fj_restart_decay_perturb_obj':        1                  1    38'338         0              0          0            274          8'467
                         'fj_restart_obj':        1                  1    32'337         0              0          0            337         11'391
Solutions (1)    Num   Rank
       'no_lp':    1  [0,0]
Solution repositories    Added  Queried  Synchro
    'alternative_path':      0        0        0
      'best_solutions':      1        0        1
   'fj solution hints':      0        0        0
        'lp solutions':      0        0        0
                'pump':      0        0
Improving bounds shared    Num  Sym
       'fs_random_no_lp':  118    0
                'max_lp':   70    0
                 'no_lp':  542    0
               'probing':    4    0
   'quick_restart_no_lp':  489    0
Clauses shared            #Exported  #Imported  #BinaryRead  #BinaryTotal
           'default_lp':          0          0          153         1'146
      'fs_random_no_lp':        174          0        1'145         1'146
               'max_lp':        786          0          384         1'146
                'no_lp':          8          0        1'144         1'146
              'probing':          0          0          153         1'146
        'quick_restart':          2          0          153         1'146
  'quick_restart_no_lp':        176          0        1'146         1'146
LRAT_status: NACpSolverResponse summary:
status: OPTIMAL
objective: NA
best_bound: NA
integers: 1684
booleans: 3149
conflicts: 3233
branches: 54210
propagations: 3950992
integer_propagations: 1449796
restarts: 17
lp_iterations: 0
walltime: 2.93383
usertime: 2.93383
deterministic_time: 11.5353
gap_integral: 0
solution_fingerprint: 0x688f6cf554306d86
FINAL STATUS: OPTIMAL
CpSolverResponse summary:
status: OPTIMAL
objective: 0
best_bound: 0
integers: 1684
booleans: 3149
conflicts: 3233
branches: 54210
propagations: 3950992
integer_propagations: 1449796
restarts: 17
lp_iterations: 0
walltime: 2.93383
usertime: 2.93383
deterministic_time: 11.5353
gap_integral: 0
solution_fingerprint: 0x688f6cf554306d86

