C20 exact feasibility test for M=12
mode=tight
model_sha256=70619c392d2c0da31ff8ff5687548013999e60c2380019a18ca631737113e1e9
allowed_rows=277; first_row_reps=14
time_limit_seconds=60; num_search_workers=8; random_seed=0
satisfaction model '': (model_fingerprint: 0x3ba6cd9d1311e8b2)
#Variables: 2'292 (2'280 primary variables)
  - 2'280 Booleans in [0,1]
  - 12 in [0,1048575]
#kBoolOr: 240 (#literals: 480)
#kLinear2: 4'091
#kLinear3: 2'040
#kLinearN: 1'231 (#terms: 27'591)
#kTable: 12
Starting CP-SAT solver v9.15.6755Parameters: random_seed: 0 max_time_in_seconds: 60 log_search_progress: true num_search_workers: 8 log_to_stdout: falseInitial satisfaction model '': (model_fingerprint: 0x3ba6cd9d1311e8b2)
#Variables: 2'292 (2'280 primary variables)
  - 2'280 Booleans in [0,1]
  - 12 in [0,1048575]
#kBoolOr: 240 (#literals: 480)
#kLinear2: 4'091
#kLinear3: 2'040
#kLinearN: 1'231 (#terms: 27'591)
#kTable: 12Starting presolve at 0.02s  2.16e-03s  0.00e+00d  [DetectDominanceRelations]   6.83e-02s  0.00e+00d  [operations_research::sat::CpModelPresolver::PresolveToFixPoint] #num_loops=11 #num_dual_strengthening=1   2.47e-04s  0.00e+00d  [operations_research::sat::CpModelPresolver::ExtractEncodingFromLinear] #potential_subsets=11   7.58e-03s  0.00e+00d  [operations_research::sat::CpModelPresolver::DetectDuplicateColumns]   7.32e-04s  0.00e+00d  [operations_research::sat::CpModelPresolver::DetectDuplicateConstraints] #duplicates=22 [Symmetry] Graph for symmetry has 17'708 nodes and 114'386 arcs.[Symmetry] Symmetry computation done. time: 0.0087418 dtime: 0.0186234[SAT presolve] num removable Booleans: 0 / 5'286[SAT presolve] num trivial clauses: 0[SAT presolve] [0s] clauses:6'180 literals:14'348 vars:2'226 one_side_vars:0 simple_definition:1'980 singleton_clauses:0[SAT presolve] [0.00094s] clauses:6'180 literals:14'348 vars:2'226 one_side_vars:0 simple_definition:1'980 singleton_clauses:0[SAT presolve] [0.0013032s] clauses:6'180 literals:14'348 vars:2'226 one_side_vars:0 simple_definition:1'980 singleton_clauses:0  1.02e-03s  0.00e+00d  [operations_research::sat::CpModelPresolver::DetectDuplicateConstraintsWithDifferentEnforcements]   1.93e-01s  2.28e-01d  [operations_research::sat::CpModelPresolver::Probe] #probed=4'958 #fixed_bools=3'685 #new_bounds=11 #equiv=147 #new_binary_clauses=17'546   8.19e-03s  1.32e-02d  [MaxClique] Merged 4'216 constraints with 8'432 literals into 3'592 constraints with 7'789 literals  1.83e-03s  0.00e+00d  [DetectDominanceRelations]   1.61e-02s  0.00e+00d  [operations_research::sat::CpModelPresolver::PresolveToFixPoint] #num_loops=2 #num_dual_strengthening=1   6.04e-03s  0.00e+00d  [operations_research::sat::CpModelPresolver::ProcessAtMostOneAndLinear] #num_changes=104   9.99e-04s  0.00e+00d  [operations_research::sat::CpModelPresolver::DetectDuplicateConstraints] #duplicates=218   5.28e-04s  0.00e+00d  [operations_research::sat::CpModelPresolver::DetectDuplicateConstraintsWithDifferentEnforcements]   3.20e-03s  7.25e-05d  [operations_research::sat::CpModelPresolver::DetectDominatedLinearConstraints] #relevant_constraints=693 #num_inclusions=706 #num_redundant=11   4.63e-04s  0.00e+00d  [operations_research::sat::CpModelPresolver::DetectDifferentVariables]   2.51e-03s  1.19e-04d  [operations_research::sat::CpModelPresolver::ProcessSetPPC] #relevant_constraints=2'878 #num_inclusions=2'697   1.87e-03s  4.65e-05d  [operations_research::sat::CpModelPresolver::TransformClausesToExactlyOne] #num_amos=1'534 #num_clauses=746 #num_checked=746   3.61e-04s  0.00e+00d  [operations_research::sat::CpModelPresolver::DetectEncodedComplexDomains]   2.64e-04s  0.00e+00d  [operations_research::sat::CpModelPresolver::FindAlmostIdenticalLinearConstraints]   5.30e-03s  2.33e-03d  [operations_research::sat::CpModelPresolver::FindBigAtMostOneAndLinearOverlap]   1.79e-03s  1.09e-03d  [operations_research::sat::CpModelPresolver::FindBigVerticalLinearOverlap]   1.01e-03s  4.90e-05d  [operations_research::sat::CpModelPresolver::FindBigHorizontalLinearOverlap] #linears=667   1.09e-03s  1.16e-05d  [operations_research::sat::CpModelPresolver::MergeClauses] #num_collisions=4 #num_merges=4 #num_saved_literals=8   3.75e-03s  0.00e+00d  [DetectDominanceRelations]   2.68e-02s  0.00e+00d  [operations_research::sat::CpModelPresolver::PresolveToFixPoint] #num_loops=2 #num_dual_strengthening=1   2.63e-03s  0.00e+00d  [DetectDominanceRelations]   1.44e-02s  0.00e+00d  [operations_research::sat::CpModelPresolver::PresolveToFixPoint] #num_loops=1 #num_dual_strengthening=1   1.18e-03s  0.00e+00d  [operations_research::sat::CpModelPresolver::DetectDuplicateColumns]   7.79e-04s  0.00e+00d  [operations_research::sat::CpModelPresolver::DetectDuplicateConstraints] #duplicates=57 [Symmetry] Graph for symmetry has 10'128 nodes and 20'504 arcs.[Symmetry] Symmetry computation done. time: 0.002791 dtime: 0.00239303[SAT presolve] num removable Booleans: 0 / 1'122[SAT presolve] num trivial clauses: 0[SAT presolve] [0s] clauses:942 literals:2'678 vars:771 one_side_vars:554 simple_definition:141 singleton_clauses:0[SAT presolve] [0.0001868s] clauses:915 literals:2'530 vars:771 one_side_vars:554 simple_definition:141 singleton_clauses:0[SAT presolve] [0.00028s] clauses:915 literals:2'530 vars:771 one_side_vars:554 simple_definition:141 singleton_clauses:0  3.35e-03s  0.00e+00d  [operations_research::sat::CpModelPresolver::DetectDuplicateConstraintsWithDifferentEnforcements] #without_enforcements=1   7.36e-02s  3.12e-02d  [operations_research::sat::CpModelPresolver::Probe] #probed=2'977 #fixed_bools=121 #new_bounds=1 #equiv=72 #new_binary_clauses=3'872   7.21e-03s  7.75e-03d  [MaxClique] Merged 844 constraints with 2'296 literals into 798 constraints with 2'201 literals  2.53e-03s  0.00e+00d  [DetectDominanceRelations]   2.89e-02s  0.00e+00d  [operations_research::sat::CpModelPresolver::PresolveToFixPoint] #num_loops=2 #num_dual_strengthening=1   6.38e-03s  0.00e+00d  [operations_research::sat::CpModelPresolver::ProcessAtMostOneAndLinear] #num_changes=22   8.83e-04s  0.00e+00d  [operations_research::sat::CpModelPresolver::DetectDuplicateConstraints] #duplicates=33   8.81e-04s  0.00e+00d  [operations_research::sat::CpModelPresolver::DetectDuplicateConstraintsWithDifferentEnforcements] #without_enforcements=5   7.24e-03s  9.38e-05d  [operations_research::sat::CpModelPresolver::DetectDominatedLinearConstraints] #relevant_constraints=609 #num_inclusions=1'683 #num_redundant=59   4.44e-04s  0.00e+00d  [operations_research::sat::CpModelPresolver::DetectDifferentVariables]   3.87e-03s  7.65e-05d  [operations_research::sat::CpModelPresolver::ProcessSetPPC] #relevant_constraints=2'091 #num_inclusions=1'559   2.88e-03s  3.51e-05d  [operations_research::sat::CpModelPresolver::TransformClausesToExactlyOne] #num_amos=701 #num_clauses=595 #num_checked=595   2.02e-03s  0.00e+00d  [operations_research::sat::CpModelPresolver::DetectEncodedComplexDomains]   8.34e-04s  0.00e+00d  [operations_research::sat::CpModelPresolver::FindAlmostIdenticalLinearConstraints]   4.32e-03s  1.63e-03d  [operations_research::sat::CpModelPresolver::FindBigAtMostOneAndLinearOverlap]   1.66e-03s  7.75e-04d  [operations_research::sat::CpModelPresolver::FindBigVerticalLinearOverlap]   1.18e-03s  3.58e-05d  [operations_research::sat::CpModelPresolver::FindBigHorizontalLinearOverlap] #linears=540   1.17e-03s  9.00e-06d  [operations_research::sat::CpModelPresolver::MergeClauses] #num_collisions=21 #num_merges=21 #num_saved_literals=42   1.64e-03s  0.00e+00d  [DetectDominanceRelations]   1.70e-02s  0.00e+00d  [operations_research::sat::CpModelPresolver::PresolveToFixPoint] #num_loops=2 #num_dual_strengthening=1   1.18e-03s  0.00e+00d  [DetectDominanceRelations]   9.64e-03s  0.00e+00d  [operations_research::sat::CpModelPresolver::PresolveToFixPoint] #num_loops=1 #num_dual_strengthening=1   8.45e-04s  0.00e+00d  [operations_research::sat::CpModelPresolver::DetectDuplicateColumns]   1.00e-03s  0.00e+00d  [operations_research::sat::CpModelPresolver::DetectDuplicateConstraints] #duplicates=4 [Symmetry] Graph for symmetry has 9'334 nodes and 16'535 arcs.[Symmetry] Symmetry computation done. time: 0.0015262 dtime: 0.00194096[SAT presolve] num removable Booleans: 0 / 927[SAT presolve] num trivial clauses: 0[SAT presolve] [0s] clauses:777 literals:2'214 vars:650 one_side_vars:477 simple_definition:103 singleton_clauses:0[SAT presolve] [8.2e-05s] clauses:769 literals:2'154 vars:650 one_side_vars:477 simple_definition:104 singleton_clauses:0[SAT presolve] [0.0001423s] clauses:769 literals:2'154 vars:650 one_side_vars:477 simple_definition:104 singleton_clauses:0  1.07e-03s  0.00e+00d  [operations_research::sat::CpModelPresolver::DetectDuplicateConstraintsWithDifferentEnforcements] #without_enforcements=1   3.09e-02s  2.43e-02d  [operations_research::sat::CpModelPresolver::Probe] #probed=2'960 #fixed_bools=2 #new_bounds=1 #equiv=14 #new_binary_clauses=3'469   2.51e-03s  7.01e-03d  [MaxClique] Merged 702 constraints with 1'933 literals into 690 constraints with 1'908 literals  1.57e-03s  0.00e+00d  [DetectDominanceRelations]   1.11e-02s  0.00e+00d  [operations_research::sat::CpModelPresolver::PresolveToFixPoint] #num_loops=2 #num_dual_strengthening=1   2.56e-03s  0.00e+00d  [operations_research::sat::CpModelPresolver::ProcessAtMostOneAndLinear]   6.06e-04s  0.00e+00d  [operations_research::sat::CpModelPresolver::DetectDuplicateConstraints] #duplicates=20   3.59e-04s  0.00e+00d  [operations_research::sat::CpModelPresolver::DetectDuplicateConstraintsWithDifferentEnforcements]   7.78e-03s  8.55e-05d  [operations_research::sat::CpModelPresolver::DetectDominatedLinearConstraints] #relevant_constraints=527 #num_inclusions=1'513 #num_redundant=1   1.21e-03s  0.00e+00d  [operations_research::sat::CpModelPresolver::DetectDifferentVariables]   1.58e-03s  7.15e-05d  [operations_research::sat::CpModelPresolver::ProcessSetPPC] #relevant_constraints=2'033 #num_inclusions=1'398   8.36e-04s  3.59e-05d  [operations_research::sat::CpModelPresolver::TransformClausesToExactlyOne] #num_amos=670 #num_clauses=588 #num_checked=588   2.15e-04s  0.00e+00d  [operations_research::sat::CpModelPresolver::DetectEncodedComplexDomains]   1.46e-04s  0.00e+00d  [operations_research::sat::CpModelPresolver::FindAlmostIdenticalLinearConstraints]   2.72e-03s  1.54e-03d  [operations_research::sat::CpModelPresolver::FindBigAtMostOneAndLinearOverlap]   1.05e-03s  7.24e-04d  [operations_research::sat::CpModelPresolver::FindBigVerticalLinearOverlap] #blocks=1 #saved_nz=31   3.54e-04s  3.35e-05d  [operations_research::sat::CpModelPresolver::FindBigHorizontalLinearOverlap] #linears=515   6.27e-04s  8.87e-06d  [operations_research::sat::CpModelPresolver::MergeClauses] #num_collisions=20 #num_merges=20 #num_saved_literals=40   4.11e-03s  0.00e+00d  [DetectDominanceRelations]   1.54e-02s  0.00e+00d  [operations_research::sat::CpModelPresolver::PresolveToFixPoint] #num_loops=2 #num_dual_strengthening=1   4.98e-04s  0.00e+00d  [MergeNoOverlap]   2.59e-04s  0.00e+00d  [MergeNoOverlap2D] Presolve summary:  - 572 affine relations were detected.  - rule 'TODO dual: only one blocking constraint?' was applied 13 times.  - rule 'affine: new relation' was applied 572 times.  - rule 'at_most_one: empty or all false' was applied 105 times.  - rule 'at_most_one: removed literals' was applied 1'227 times.  - rule 'at_most_one: satisfied' was applied 1'120 times.  - rule 'at_most_one: size one' was applied 1'095 times.  - rule 'at_most_one: transformed into max clique' was applied 3 times.  - rule 'at_most_one: x and not(x)' was applied 27 times.  - rule 'bool_and: fixed literals' was applied 112 times.  - rule 'bool_and: non-reified' was applied 2 times.  - rule 'bool_and: removed duplicate literal' was applied 1 time.  - rule 'bool_and: x => x' was applied 690 times.  - rule 'bool_or: always true' was applied 1'191 times.  - rule 'bool_or: fixed literals' was applied 1 time.  - rule 'bool_or: implications' was applied 4'593 times.  - rule 'bool_or: only one literal' was applied 49 times.  - rule 'deductions: 50 stored' was applied 1 time.  - rule 'duplicate: merged rhs of linear constraint' was applied 147 times.  - rule 'duplicate: removed constraint' was applied 354 times.  - rule 'duplicate: removed enforced constraint' was applied 2 times.  - rule 'enforcement: can never be true' was applied 5 times.  - rule 'enforcement: false literal' was applied 77 times.  - rule 'enforcement: true literal' was applied 120 times.  - rule 'exactly_one: removed literals' was applied 565 times.  - rule 'exactly_one: satisfied' was applied 91 times.  - rule 'exactly_one: size two' was applied 3 times.  - rule 'linear + amo: added implications' was applied 31 times.  - rule 'linear + amo: advanced infeasible linear constraint' was applied 21 times.  - rule 'linear + amo: extracted enforcement literal' was applied 177 times.  - rule 'linear + amo: fixed literal implied by enforcement' was applied 79 times.  - rule 'linear + amo: infeasible enforcement' was applied 20 times.  - rule 'linear + amo: infeasible linear constraint' was applied 14 times.  - rule 'linear + amo: simplified enforcement list' was applied 12 times.  - rule 'linear + amo: trivial linear constraint' was applied 25 times.  - rule 'linear inclusion: redundant containing constraint' was applied 57 times.  - rule 'linear inclusion: redundant included constraint' was applied 12 times.  - rule 'linear inclusion: sparsify superset' was applied 2 times.  - rule 'linear matrix: common vertical rectangle' was applied 1 time.  - rule 'linear1: always true' was applied 1 time.  - rule 'linear2: boolean with one feasible value' was applied 1 time.  - rule 'linear2: convert ax + by != cte to clauses' was applied 4'086 times.  - rule 'linear2: implied ax + by = cte has only one solution' was applied 7 times.  - rule 'linear2: infeasible relation' was applied 2 times.  - rule 'linear: always true' was applied 140 times.  - rule 'linear: divide by GCD' was applied 241 times.  - rule 'linear: doubleton free' was applied 5 times.  - rule 'linear: empty' was applied 57 times.  - rule 'linear: enforcement literal in expression' was applied 30 times.  - rule 'linear: extracted enforcement literal' was applied 801 times.  - rule 'linear: fixed or dup variables' was applied 2'051 times.  - rule 'linear: negative at most one' was applied 3 times.  - rule 'linear: negative clause' was applied 2'053 times.  - rule 'linear: negative reified and' was applied 1 time.  - rule 'linear: positive at most one' was applied 2 times.  - rule 'linear: positive clause' was applied 17 times.  - rule 'linear: reduced variable domains' was applied 65 times.  - rule 'linear: reduced variable domains in derived constraint' was applied 1 time.  - rule 'linear: remapped using affine relations' was applied 1'848 times.  - rule 'linear: remove irrelevant part' was applied 73 times.  - rule 'linear: simplified rhs' was applied 12 times.  - rule 'linear: small Boolean expression' was applied 1 time.  - rule 'linear: trivially false' was applied 47 times.  - rule 'linear: variable substitution 0' was applied 5 times.  - rule 'linear: variable substitution 1' was applied 6 times.  - rule 'new_bool: table expansion' was applied 3'060 times.  - rule 'presolve: 3863 unused variables removed.' was applied 1 time.  - rule 'presolve: iteration' was applied 3 times.  - rule 'probing: bool_or reduced to implication' was applied 300 times.  - rule 'probing: reduced enforced constraint to implication' was applied 1 time.  - rule 'probing: simplified clauses' was applied 1 time.  - rule 'probing: simplified enforcement list' was applied 1 time.  - rule 'setppc: bool_or in at_most_one' was applied 15 times.  - rule 'setppc: removed dominated constraints' was applied 13 times.  - rule 'table: expanded positive constraint' was applied 12 times.  - rule 'table: reduce variable domain' was applied 5 times.  - rule 'table: remove expressions' was applied 1 time.  - rule 'table: reused literals' was applied 1 time.  - rule 'variables: canonicalize affine domain' was applied 1 time.  - rule 'variables: detect half reified value encoding' was applied 1 time.Presolved satisfaction model '': (model_fingerprint: 0xf6edb117752ba5f)
#Variables: 910 (818 primary variables)
  - 908 Booleans in [0,1]
  - 1 in [2,10]
  - 1 in [9362][9365,9366][9369,9370][9373,9374][9 ... 9541,9542][9545,9546][9549,9550][9553,9554][9557]
#kAtMostOne: 521 (#literals: 1'563)
#kBoolAnd: 145 (#enforced: 145) (#literals: 294)
#kBoolAndClauses: 20 (#enforced: 20 #multi: 20) (#literals: 80)
#kBoolOr: 548 (#literals: 1'654)
#kExactlyOne: 244 (#literals: 3'173)
#kLinear1: 2 (#enforced: 2 #multi: 1)
#kLinear3: 1 (#enforced: 1 #multi: 1)
#kLinearN: 526 (#enforced: 197 #multi: 174) (#terms: 6'751)[Symmetry] Graph for symmetry has 4'787 nodes and 15'918 arcs.[Symmetry] Symmetry computation done. time: 0.0010677 dtime: 0.00159983Preloading model.#Model   0.77s var:910/910 constraints:2007/2007Starting search at 0.77s with 8 workers.6 full problem subsolvers: [default_lp, max_lp, no_lp, probing, quick_restart, quick_restart_no_lp]2 first solution subsolvers: [fj, fs_random_no_lp]2 interleaved subsolvers: [feasibility_pump, rins/rens]2 helper subsolvers: [neighborhood_helper, synchronization_agent]#Done    0.87s no_lp#Done    0.87s quick_restart_no_lpTask timing                      n [     min,      max]      avg      dev     time         n [     min,      max]      avg      dev    dtime
           'default_lp':         1 [ 99.61ms,  99.61ms]  99.61ms   0.00ns  99.61ms         2 [ 27.60ms,  39.34ms]  33.47ms   5.87ms  66.94ms
     'feasibility_pump':         1 [ 14.32ms,  14.32ms]  14.32ms   0.00ns  14.32ms         0 [  0.00ns,   0.00ns]   0.00ns   0.00ns   0.00ns
                   'fj':         1 [ 84.11ms,  84.11ms]  84.11ms   0.00ns  84.11ms         1 [ 75.68ms,  75.68ms]  75.68ms   0.00ns  75.68ms
      'fs_random_no_lp':         1 [ 98.72ms,  98.72ms]  98.72ms   0.00ns  98.72ms         2 [ 27.19ms,  60.03ms]  43.61ms  16.42ms  87.22ms
               'max_lp':         1 [ 99.32ms,  99.32ms]  99.32ms   0.00ns  99.32ms         1 [ 80.84ms,  80.84ms]  80.84ms   0.00ns  80.84ms
                'no_lp':         1 [ 95.86ms,  95.86ms]  95.86ms   0.00ns  95.86ms         1 [ 84.97ms,  84.97ms]  84.97ms   0.00ns  84.97ms
              'probing':         1 [ 98.89ms,  98.89ms]  98.89ms   0.00ns  98.89ms         2 [ 11.07ms,  27.77ms]  19.42ms   8.35ms  38.84ms
        'quick_restart':         1 [ 99.17ms,  99.17ms]  99.17ms   0.00ns  99.17ms         2 [ 27.62ms,  42.14ms]  34.88ms   7.26ms  69.76ms
  'quick_restart_no_lp':         1 [ 95.47ms,  95.47ms]  95.47ms   0.00ns  95.47ms         1 [ 84.52ms,  84.52ms]  84.52ms   0.00ns  84.52ms
            'rins/rens':         0 [  0.00ns,   0.00ns]   0.00ns   0.00ns   0.00ns         0 [  0.00ns,   0.00ns]   0.00ns   0.00ns   0.00ns
Search stats              Bools  Conflicts  Branches  Restarts  BacktrackToRoot  Backtrack  BoolPropag  IntegerPropag
           'default_lp':    910          2     7'895         0            2'871      4'485     249'583        155'139
      'fs_random_no_lp':    910          3     9'820         0            3'508      5'136     328'169        201'156
               'max_lp':    910          0     1'820         0            1'820      1'820     102'648        105'000
                'no_lp':    910         38     9'937         0            3'509      5'172     339'352        204'695
              'probing':    911          0     1'824         0            1'824      1'824     103'118         63'783
        'quick_restart':    910          3     8'682         0            2'956      4'575     262'049        163'061
  'quick_restart_no_lp':    910         20     9'913         2            3'507      5'154     336'367        204'180
SAT formula               Fixed  Equiv  Total  VarLeft  BinaryClauses  PermanentClauses  TemporaryClauses
           'default_lp':      0      5    910      905          6'226               668                 0
      'fs_random_no_lp':      0      5    910      905          6'226               654                 0
               'max_lp':      0      5    910      905          6'402               834                 0
                'no_lp':    593      5    910      312          6'246               667                 0
              'probing':      0      5    911      906          4'992               834                 0
        'quick_restart':      0      5    910      905          6'226               648                 0
  'quick_restart_no_lp':    668      5    910      237          6'268               656                 0
SAT stats                 ClassicMinim  LitRemoved  LitRemovedBinary  LitLearned  LitForgotten  Subsumed
           'default_lp':             0           0                 0           6             0         0
      'fs_random_no_lp':             0           0                 0           9             0         0
               'max_lp':             0           0                 0           0             0         0
                'no_lp':            20          89                29         207             0         9
              'probing':             0           0                 0           0             0         0
        'quick_restart':             0           0                 0           9             0         0
  'quick_restart_no_lp':             9          30                 2          63             0         5
Vivification              Clauses  Decisions  LitTrue  Subsumed  LitRemoved  DecisionReused  Conflicts
           'default_lp':      863      4'265        0       165       2'201             131          0
      'fs_random_no_lp':    1'521      6'190        0       180       2'396             168          0
               'max_lp':        0          0        0         0           0               0          0
                'no_lp':    1'521      6'256        0       182       2'388             156          0
              'probing':        0          0        0         0           0               0          0
        'quick_restart':      953      5'052        0       184       2'417             138          0
  'quick_restart_no_lp':    1'521      6'256        0       182       2'388             156          0
Clause deletion           at_true  l_and_not(l)  to_binary  sub_conflict  sub_extra  sub_decisions  sub_eager  sub_vivify  sub_probing  sub_inpro  blocked  eliminated  forgotten  promoted  conflicts
           'default_lp':        0             0          0             0          0              0          0         165            3          0        0           0          0         0          2
      'fs_random_no_lp':        0             0          0             0          0              0          0         180            3          0        0           0          0         0          3
               'max_lp':        0             0          0             0          0              0          0           0            0          0        0           0          0         0          0
                'no_lp':        0             0          0             8          0              0          1         182            3          0        0           0          0         0         38
              'probing':        0             0          0             0          0              0          0           0            0          0        0           0          0         0          0
        'quick_restart':        0             0          0             0          0              0          0         184            3          1        0           0          0         0          3
  'quick_restart_no_lp':        0             0          0             3          0              0          2         182            3          0        0           0          0         0         20
Lp stats            Component  Iterations  AddedCuts  OPTIMAL  DUAL_F.  DUAL_U.
     'default_lp':          1         162          0        2        0        0
         'max_lp':          1         456          0        0        1        0
        'probing':          1         662        338        9        1        0
  'quick_restart':          1         170          0        2        0        0
Lp dimension           Final dimension of first component
     'default_lp':    209 rows, 646 columns, 2495 entries
         'max_lp':  2027 rows, 910 columns, 14859 entries
        'probing':    409 rows, 646 columns, 3174 entries
  'quick_restart':    209 rows, 646 columns, 2495 entries
Lp debug            CutPropag  CutEqPropag  Adjust  Overflow    Bad  BadScaling
     'default_lp':          0            0       0         0      0           0
         'max_lp':          0            0       0         0      0           0
        'probing':          0            0       0         0  1'042           0
  'quick_restart':          0            0       0         0      0           0
Lp pool             Constraints  Updates  Simplif  Merged  Shortened  Split  Strengthened  Cuts/Call
     'default_lp':          908        0        0       0          0      0             0        0/0
         'max_lp':        2'027        0        0       3          0      0             0        0/0
        'probing':        1'246       88        0       0          0      0             0    338/601
  'quick_restart':          908        0        0       0          0      0             0        0/0
Lp Cut            probing
          CG_FF:       14
           CG_K:        6
          CG_KL:        5
           CG_R:       13
          CG_RB:        6
             IB:        6
       MIR_1_FF:        5
        MIR_1_K:        4
       MIR_1_KL:        1
        MIR_1_R:        4
      MIR_1_RBP:        1
       MIR_2_FF:        2
        MIR_2_K:        3
        MIR_2_R:        3
      MIR_2_RBP:        2
       MIR_3_FF:        4
        MIR_3_K:        1
       MIR_3_KL:        1
        MIR_3_R:        3
       MIR_3_RB:        1
       MIR_4_FF:        2
        MIR_4_K:        1
       MIR_4_KL:        3
        MIR_4_R:        2
       MIR_5_FF:        4
        MIR_5_K:        3
       MIR_5_KL:        1
        MIR_5_R:        5
       MIR_5_RB:        1
       MIR_6_FF:        1
       MIR_6_KL:        1
        MIR_6_R:        1
       MIR_6_RB:        2
   ZERO_HALF_FF:       34
    ZERO_HALF_K:       40
   ZERO_HALF_KL:       18
    ZERO_HALF_R:      101
   ZERO_HALF_RB:       17
  ZERO_HALF_RBP:       16
LNS stats       Improv/Calls  Closed  Difficulty  TimeLimit
  'rins/rens':           0/0      0%    5.00e-01       0.10
LS stats                                    Batches  Restarts/Perturbs  LinMoves  GenMoves  CompoundMoves  Bactracks  WeightUpdates  ScoreComputed
  'fj_restart_decay_compound_perturb_obj':        1                  1         0    12'368          1'628      5'370              5        138'264
Solution repositories    Added  Queried  Synchro
    'alternative_path':      0        0        0
      'best_solutions':      0        0        0
   'fj solution hints':      0        0        0
        'lp solutions':      0        0        0
                'pump':      0        0
Improving bounds shared    Num  Sym
                 'no_lp':  228    0
   'quick_restart_no_lp':  445    0
Clauses shared            #Exported  #Imported  #BinaryRead  #BinaryTotal
           'default_lp':          0          0           12            23
      'fs_random_no_lp':          0          0            1            23
               'max_lp':          0          0            0            23
                'no_lp':         18          0           23            23
              'probing':          0          0            0            23
        'quick_restart':          0          0           12            23
  'quick_restart_no_lp':          5          0           23            23
LRAT_status: NACpSolverResponse summary:
status: INFEASIBLE
objective: NA
best_bound: NA
integers: 646
booleans: 910
conflicts: 38
branches: 9937
propagations: 339352
integer_propagations: 204695
restarts: 0
lp_iterations: 0
walltime: 0.891953
usertime: 0.891953
deterministic_time: 0.90929
gap_integral: 0
FINAL STATUS: INFEASIBLE
CpSolverResponse summary:
status: INFEASIBLE
objective: NA
best_bound: NA
integers: 646
booleans: 910
conflicts: 38
branches: 9937
propagations: 339352
integer_propagations: 204695
restarts: 0
lp_iterations: 0
walltime: 0.891953
usertime: 0.891953
deterministic_time: 0.90929
gap_integral: 0

